Archive member included because of file (symbol)

../hello_bsp/\libhal_bsp.a(alt_load.o)
                              ../hello_bsp//obj/HAL/src/crt0.o (alt_load)
../hello_bsp/\libhal_bsp.a(alt_main.o)
                              ../hello_bsp//obj/HAL/src/crt0.o (alt_main)
../hello_bsp/\libhal_bsp.a(alt_putchar.o)
                              obj/default/hello_world_small.o (alt_putchar)
../hello_bsp/\libhal_bsp.a(alt_putstr.o)
                              obj/default/hello_world_small.o (alt_putstr)
../hello_bsp/\libhal_bsp.a(alt_sys_init.o)
                              ../hello_bsp/\libhal_bsp.a(alt_main.o) (alt_sys_init)
../hello_bsp/\libhal_bsp.a(altera_avalon_uart_write.o)
                              ../hello_bsp/\libhal_bsp.a(alt_putchar.o) (altera_avalon_uart_write)
../hello_bsp/\libhal_bsp.a(alt_dcache_flush_all.o)
                              ../hello_bsp/\libhal_bsp.a(alt_load.o) (alt_dcache_flush_all)
../hello_bsp/\libhal_bsp.a(alt_errno.o)
                              ../hello_bsp/\libhal_bsp.a(altera_avalon_uart_write.o) (alt_errno)
../hello_bsp/\libhal_bsp.a(alt_icache_flush_all.o)
                              ../hello_bsp/\libhal_bsp.a(alt_load.o) (alt_icache_flush_all)
../hello_bsp/\libhal_bsp.a(altera_nios2_qsys_irq.o)
                              ../hello_bsp/\libhal_bsp.a(alt_sys_init.o) (altera_nios2_qsys_irq_init)
c:/altera/11.1/nios2eds/bin/gnu/h-i686-mingw32/bin/../lib/gcc/nios2-elf/4.1.2/../../../../nios2-elf/lib/mno-hw-mul\libsmallc.a(lib_a-int_errno.o)
                              ../hello_bsp/\libhal_bsp.a(altera_avalon_uart_write.o) (errno)
c:/altera/11.1/nios2eds/bin/gnu/h-i686-mingw32/bin/../lib/gcc/nios2-elf/4.1.2/../../../../nios2-elf/lib/mno-hw-mul\libsmallc.a(lib_a-strlen.o)
                              ../hello_bsp/\libhal_bsp.a(alt_putstr.o) (strlen)

Allocating common symbols
Common symbol       size              file

errno               0x4               c:/altera/11.1/nios2eds/bin/gnu/h-i686-mingw32/bin/../lib/gcc/nios2-elf/4.1.2/../../../../nios2-elf/lib/mno-hw-mul\libsmallc.a(lib_a-int_errno.o)

Memory Configuration

Name             Origin             Length             Attributes
reset            0x00004000         0x00000020
onchip_memory2_0 0x00004020         0x00001fe4
*default*        0x00000000         0xffffffff

Linker script and memory map

LOAD ../hello_bsp//obj/HAL/src/crt0.o
                0x0000400c                exit = _exit
LOAD obj/default/hello_world_small.o
LOAD c:/altera/11.1/nios2eds/bin/gnu/h-i686-mingw32/bin/../lib/gcc/nios2-elf/4.1.2/../../../../nios2-elf/lib/mno-hw-mul\libstdc++.a
LOAD c:/altera/11.1/nios2eds/bin/gnu/h-i686-mingw32/bin/../lib/gcc/nios2-elf/4.1.2/../../../../nios2-elf/lib/mno-hw-mul\libm.a
LOAD c:/altera/11.1/nios2eds/bin/gnu/h-i686-mingw32/bin/../lib/gcc/nios2-elf/4.1.2/mno-hw-mul\libgcc.a
START GROUP
LOAD c:/altera/11.1/nios2eds/bin/gnu/h-i686-mingw32/bin/../lib/gcc/nios2-elf/4.1.2/../../../../nios2-elf/lib/mno-hw-mul\libsmallc.a
LOAD c:/altera/11.1/nios2eds/bin/gnu/h-i686-mingw32/bin/../lib/gcc/nios2-elf/4.1.2/mno-hw-mul\libgcc.a
LOAD ../hello_bsp/\libhal_bsp.a
END GROUP
LOAD c:/altera/11.1/nios2eds/bin/gnu/h-i686-mingw32/bin/../lib/gcc/nios2-elf/4.1.2/mno-hw-mul\libgcc.a
                0x00004000                __alt_mem_onchip_memory2_0 = 0x4000

.entry          0x00004000       0x20
 *(.entry)
 .entry         0x00004000       0x20 ../hello_bsp//obj/HAL/src/crt0.o
                0x00004000                __reset
                0x0000400c                _exit

.exceptions     0x00004020        0x0
                0x00004020                PROVIDE (__ram_exceptions_start, ABSOLUTE (.))
                0x00004020                . = ALIGN (0x20)
 *(.irq)
 *(.exceptions.entry.label)
 *(.exceptions.entry.user)
 *(.exceptions.entry)
 *(.exceptions.irqtest.user)
 *(.exceptions.irqtest)
 *(.exceptions.irqhandler.user)
 *(.exceptions.irqhandler)
 *(.exceptions.irqreturn.user)
 *(.exceptions.irqreturn)
 *(.exceptions.notirq.label)
 *(.exceptions.notirq.user)
 *(.exceptions.notirq)
 *(.exceptions.soft.user)
 *(.exceptions.soft)
 *(.exceptions.unknown.user)
 *(.exceptions.unknown)
 *(.exceptions.exit.label)
 *(.exceptions.exit.user)
 *(.exceptions.exit)
 *(.exceptions)
                0x00004020                PROVIDE (__ram_exceptions_end, ABSOLUTE (.))
                0x00004020                PROVIDE (__flash_exceptions_start, LOADADDR (.exceptions))

.text           0x00004020      0x29c
                0x00004020                PROVIDE (stext, ABSOLUTE (.))
 *(.interp)
 *(.hash)
 *(.dynsym)
 *(.dynstr)
 *(.gnu.version)
 *(.gnu.version_d)
 *(.gnu.version_r)
 *(.rel.init)
 *(.rela.init)
 *(.rel.text .rel.text.* .rel.gnu.linkonce.t.*)
 *(.rela.text .rela.text.* .rela.gnu.linkonce.t.*)
 *(.rel.fini)
 *(.rela.fini)
 *(.rel.rodata .rel.rodata.* .rel.gnu.linkonce.r.*)
 *(.rela.rodata .rela.rodata.* .rela.gnu.linkonce.r.*)
 *(.rel.data .rel.data.* .rel.gnu.linkonce.d.*)
 *(.rela.data .rela.data.* .rela.gnu.linkonce.d.*)
 *(.rel.tdata .rel.tdata.* .rel.gnu.linkonce.td.*)
 *(.rela.tdata .rela.tdata.* .rela.gnu.linkonce.td.*)
 *(.rel.tbss .rel.tbss.* .rel.gnu.linkonce.tb.*)
 *(.rela.tbss .rela.tbss.* .rela.gnu.linkonce.tb.*)
 *(.rel.ctors)
 *(.rela.ctors)
 *(.rel.dtors)
 *(.rela.dtors)
 *(.rel.got)
 *(.rela.got)
 *(.rel.sdata .rel.sdata.* .rel.gnu.linkonce.s.*)
 *(.rela.sdata .rela.sdata.* .rela.gnu.linkonce.s.*)
 *(.rel.sbss .rel.sbss.* .rel.gnu.linkonce.sb.*)
 *(.rela.sbss .rela.sbss.* .rela.gnu.linkonce.sb.*)
 *(.rel.sdata2 .rel.sdata2.* .rel.gnu.linkonce.s2.*)
 *(.rela.sdata2 .rela.sdata2.* .rela.gnu.linkonce.s2.*)
 *(.rel.sbss2 .rel.sbss2.* .rel.gnu.linkonce.sb2.*)
 *(.rela.sbss2 .rela.sbss2.* .rela.gnu.linkonce.sb2.*)
 *(.rel.bss .rel.bss.* .rel.gnu.linkonce.b.*)
 *(.rela.bss .rela.bss.* .rela.gnu.linkonce.b.*)
 *(.rel.plt)
 *(.rela.plt)
 *(.rel.dyn)
 *(.init)
 *(.plt)
 *(.text .stub .text.* .gnu.linkonce.t.*)
 .text          0x00004020       0x3c ../hello_bsp//obj/HAL/src/crt0.o
                0x00004020                _start
 .text          0x0000405c       0x38 obj/default/hello_world_small.o
                0x0000405c                main
 .text          0x00004094       0x8c ../hello_bsp/\libhal_bsp.a(alt_load.o)
                0x000040b4                alt_load
 .text          0x00004120       0x2c ../hello_bsp/\libhal_bsp.a(alt_main.o)
                0x00004120                alt_main
 .text          0x0000414c       0x50 ../hello_bsp/\libhal_bsp.a(alt_putchar.o)
                0x0000414c                alt_putchar
 .text          0x0000419c       0x38 ../hello_bsp/\libhal_bsp.a(alt_putstr.o)
                0x0000419c                alt_putstr
 .text          0x000041d4       0x24 ../hello_bsp/\libhal_bsp.a(alt_sys_init.o)
                0x000041d4                alt_sys_init
                0x000041d8                alt_irq_init
 .text          0x000041f8       0x94 ../hello_bsp/\libhal_bsp.a(altera_avalon_uart_write.o)
                0x000041f8                altera_avalon_uart_write
 .text          0x0000428c        0x4 ../hello_bsp/\libhal_bsp.a(alt_dcache_flush_all.o)
                0x0000428c                alt_dcache_flush_all
 .text          0x00004290        0x0 ../hello_bsp/\libhal_bsp.a(alt_errno.o)
 .text          0x00004290        0x4 ../hello_bsp/\libhal_bsp.a(alt_icache_flush_all.o)
                0x00004290                alt_icache_flush_all
 .text          0x00004294        0x8 ../hello_bsp/\libhal_bsp.a(altera_nios2_qsys_irq.o)
                0x00004294                altera_nios2_qsys_irq_init
 .text          0x0000429c        0x0 c:/altera/11.1/nios2eds/bin/gnu/h-i686-mingw32/bin/../lib/gcc/nios2-elf/4.1.2/../../../../nios2-elf/lib/mno-hw-mul\libsmallc.a(lib_a-int_errno.o)
 .text          0x0000429c       0x20 c:/altera/11.1/nios2eds/bin/gnu/h-i686-mingw32/bin/../lib/gcc/nios2-elf/4.1.2/../../../../nios2-elf/lib/mno-hw-mul\libsmallc.a(lib_a-strlen.o)
                0x0000429c                strlen
 *(.gnu.warning.*)
 *(.fini)
                0x000042bc                PROVIDE (__etext, ABSOLUTE (.))
                0x000042bc                PROVIDE (_etext, ABSOLUTE (.))
                0x000042bc                PROVIDE (etext, ABSOLUTE (.))
 *(.eh_frame_hdr)
                0x000042bc                . = ALIGN (0x4)
                0x000042bc                PROVIDE (__preinit_array_start, ABSOLUTE (.))
 *(.preinit_array)
                0x000042bc                PROVIDE (__preinit_array_end, ABSOLUTE (.))
                0x000042bc                PROVIDE (__init_array_start, ABSOLUTE (.))
 *(.init_array)
                0x000042bc                PROVIDE (__init_array_end, ABSOLUTE (.))
                0x000042bc                PROVIDE (__fini_array_start, ABSOLUTE (.))
 *(.fini_array)
                0x000042bc                PROVIDE (__fini_array_end, ABSOLUTE (.))
 *(.eh_frame)
 *(.gcc_except_table)
 *(.dynamic)
                0x000042bc                PROVIDE (__CTOR_LIST__, ABSOLUTE (.))
 *(.ctors)
 *(SORT(.ctors.*))
                0x000042bc                PROVIDE (__CTOR_END__, ABSOLUTE (.))
                0x000042bc                PROVIDE (__DTOR_LIST__, ABSOLUTE (.))
 *(.dtors)
 *(SORT(.dtors.*))
                0x000042bc                PROVIDE (__DTOR_END__, ABSOLUTE (.))
 *(.jcr)
                0x000042bc                . = ALIGN (0x4)

.rodata         0x000042bc       0x30
                0x000042bc                PROVIDE (__ram_rodata_start, ABSOLUTE (.))
                0x000042bc                . = ALIGN (0x4)
 *(.rodata .rodata.* .gnu.linkonce.r.*)
 .rodata.str1.4
                0x000042bc       0x30 obj/default/hello_world_small.o
 *(.rodata1)
                0x000042ec                . = ALIGN (0x4)
                0x000042ec                PROVIDE (__ram_rodata_end, ABSOLUTE (.))
                0x000042bc                PROVIDE (__flash_rodata_start, LOADADDR (.rodata))

.rwdata         0x000042ec        0x8 load address 0x000042f4
                0x000042ec                PROVIDE (__ram_rwdata_start, ABSOLUTE (.))
                0x000042ec                . = ALIGN (0x4)
 *(.got.plt)
 *(.got)
 *(.data1)
 *(.data .data.* .gnu.linkonce.d.*)
 .data          0x000042ec        0x0 ../hello_bsp//obj/HAL/src/crt0.o
 .data          0x000042ec        0x0 obj/default/hello_world_small.o
 .data          0x000042ec        0x0 ../hello_bsp/\libhal_bsp.a(alt_load.o)
 .data          0x000042ec        0x0 ../hello_bsp/\libhal_bsp.a(alt_main.o)
 .data          0x000042ec        0x0 ../hello_bsp/\libhal_bsp.a(alt_putchar.o)
 .data          0x000042ec        0x0 ../hello_bsp/\libhal_bsp.a(alt_putstr.o)
 .data          0x000042ec        0x0 ../hello_bsp/\libhal_bsp.a(alt_sys_init.o)
 .data          0x000042ec        0x0 ../hello_bsp/\libhal_bsp.a(altera_avalon_uart_write.o)
 .data          0x000042ec        0x0 ../hello_bsp/\libhal_bsp.a(alt_dcache_flush_all.o)
 .data          0x000042ec        0x0 ../hello_bsp/\libhal_bsp.a(alt_errno.o)
 .data          0x000042ec        0x0 ../hello_bsp/\libhal_bsp.a(alt_icache_flush_all.o)
 .data          0x000042ec        0x0 ../hello_bsp/\libhal_bsp.a(altera_nios2_qsys_irq.o)
 .data          0x000042ec        0x0 c:/altera/11.1/nios2eds/bin/gnu/h-i686-mingw32/bin/../lib/gcc/nios2-elf/4.1.2/../../../../nios2-elf/lib/mno-hw-mul\libsmallc.a(lib_a-int_errno.o)
 .data          0x000042ec        0x0 c:/altera/11.1/nios2eds/bin/gnu/h-i686-mingw32/bin/../lib/gcc/nios2-elf/4.1.2/../../../../nios2-elf/lib/mno-hw-mul\libsmallc.a(lib_a-strlen.o)
                0x0000c2ec                _gp = ABSOLUTE ((. + 0x8000))
                0x0000c2ec                PROVIDE (gp, _gp)
 *(.rwdata .rwdata.*)
 *(.sdata .sdata.* .gnu.linkonce.s.*)
 .sdata         0x000042ec        0x4 ../hello_bsp/\libhal_bsp.a(alt_sys_init.o)
                0x000042ec                uart_0
 .sdata         0x000042f0        0x4 ../hello_bsp/\libhal_bsp.a(alt_errno.o)
                0x000042f0                alt_errno
 *(.sdata2 .sdata2.* .gnu.linkonce.s2.*)
                0x000042f4                . = ALIGN (0x4)
                0x000042f4                _edata = ABSOLUTE (.)
                0x000042f4                PROVIDE (edata, ABSOLUTE (.))
                0x000042f4                PROVIDE (__ram_rwdata_end, ABSOLUTE (.))
                0x000042f4                PROVIDE (__flash_rwdata_start, LOADADDR (.rwdata))

.bss            0x000042fc       0x10
                0x000042fc                __bss_start = ABSOLUTE (.)
                0x000042fc                PROVIDE (__sbss_start, ABSOLUTE (.))
                0x000042fc                PROVIDE (___sbss_start, ABSOLUTE (.))
 *(.dynsbss)
 *(.sbss .sbss.* .gnu.linkonce.sb.*)
 .sbss          0x000042fc        0xc ../hello_bsp/\libhal_bsp.a(alt_main.o)
                0x000042fc                alt_argc
                0x00004300                alt_argv
                0x00004304                alt_envp
 .sbss          0x00004308        0x4 c:/altera/11.1/nios2eds/bin/gnu/h-i686-mingw32/bin/../lib/gcc/nios2-elf/4.1.2/../../../../nios2-elf/lib/mno-hw-mul\libsmallc.a(lib_a-int_errno.o)
                0x00004308                errno
 *(.sbss2 .sbss2.* .gnu.linkonce.sb2.*)
 *(.scommon)
                0x0000430c                PROVIDE (__sbss_end, ABSOLUTE (.))
                0x0000430c                PROVIDE (___sbss_end, ABSOLUTE (.))
 *(.dynbss)
 *(.bss .bss.* .gnu.linkonce.b.*)
 .bss           0x0000430c        0x0 ../hello_bsp//obj/HAL/src/crt0.o
 .bss           0x0000430c        0x0 obj/default/hello_world_small.o
 .bss           0x0000430c        0x0 ../hello_bsp/\libhal_bsp.a(alt_load.o)
 .bss           0x0000430c        0x0 ../hello_bsp/\libhal_bsp.a(alt_main.o)
 .bss           0x0000430c        0x0 ../hello_bsp/\libhal_bsp.a(alt_putchar.o)
 .bss           0x0000430c        0x0 ../hello_bsp/\libhal_bsp.a(alt_putstr.o)
 .bss           0x0000430c        0x0 ../hello_bsp/\libhal_bsp.a(alt_sys_init.o)
 .bss           0x0000430c        0x0 ../hello_bsp/\libhal_bsp.a(altera_avalon_uart_write.o)
 .bss           0x0000430c        0x0 ../hello_bsp/\libhal_bsp.a(alt_dcache_flush_all.o)
 .bss           0x0000430c        0x0 ../hello_bsp/\libhal_bsp.a(alt_errno.o)
 .bss           0x0000430c        0x0 ../hello_bsp/\libhal_bsp.a(alt_icache_flush_all.o)
 .bss           0x0000430c        0x0 ../hello_bsp/\libhal_bsp.a(altera_nios2_qsys_irq.o)
 .bss           0x0000430c        0x0 c:/altera/11.1/nios2eds/bin/gnu/h-i686-mingw32/bin/../lib/gcc/nios2-elf/4.1.2/../../../../nios2-elf/lib/mno-hw-mul\libsmallc.a(lib_a-int_errno.o)
 .bss           0x0000430c        0x0 c:/altera/11.1/nios2eds/bin/gnu/h-i686-mingw32/bin/../lib/gcc/nios2-elf/4.1.2/../../../../nios2-elf/lib/mno-hw-mul\libsmallc.a(lib_a-strlen.o)
 *(COMMON)
                0x0000430c                . = ALIGN (0x4)
                0x0000430c                __bss_end = ABSOLUTE (.)

.onchip_memory2_0
                0x0000430c        0x0
                0x0000430c                PROVIDE (_alt_partition_onchip_memory2_0_start, ABSOLUTE (.))
 *(.onchip_memory2_0. onchip_memory2_0.*)
                0x0000430c                . = ALIGN (0x4)
                0x0000430c                PROVIDE (_alt_partition_onchip_memory2_0_end, ABSOLUTE (.))
                0x0000430c                _end = ABSOLUTE (.)
                0x0000430c                end = ABSOLUTE (.)
                0x0000430c                __alt_stack_base = ABSOLUTE (.)
                0x0000430c                PROVIDE (_alt_partition_onchip_memory2_0_load_addr, LOADADDR (.onchip_memory2_0))

.stab
 *(.stab)

.stabstr
 *(.stabstr)

.stab.excl
 *(.stab.excl)

.stab.exclstr
 *(.stab.exclstr)

.stab.index
 *(.stab.index)

.stab.indexstr
 *(.stab.indexstr)

.comment        0x00000000       0x23
 *(.comment)
 .comment       0x00000000       0x23 obj/default/hello_world_small.o
                                 0x24 (size before relaxing)
 .comment       0x00000000       0x24 ../hello_bsp/\libhal_bsp.a(alt_load.o)
 .comment       0x00000000       0x24 ../hello_bsp/\libhal_bsp.a(alt_main.o)
 .comment       0x00000000       0x24 ../hello_bsp/\libhal_bsp.a(alt_putchar.o)
 .comment       0x00000000       0x24 ../hello_bsp/\libhal_bsp.a(alt_putstr.o)
 .comment       0x00000000       0x24 ../hello_bsp/\libhal_bsp.a(alt_sys_init.o)
 .comment       0x00000000       0x24 ../hello_bsp/\libhal_bsp.a(altera_avalon_uart_write.o)
 .comment       0x00000000       0x24 ../hello_bsp/\libhal_bsp.a(alt_dcache_flush_all.o)
 .comment       0x00000000       0x24 ../hello_bsp/\libhal_bsp.a(alt_errno.o)
 .comment       0x00000000       0x24 ../hello_bsp/\libhal_bsp.a(alt_icache_flush_all.o)
 .comment       0x00000000       0x24 ../hello_bsp/\libhal_bsp.a(altera_nios2_qsys_irq.o)
 .comment       0x00000000       0x24 c:/altera/11.1/nios2eds/bin/gnu/h-i686-mingw32/bin/../lib/gcc/nios2-elf/4.1.2/../../../../nios2-elf/lib/mno-hw-mul\libsmallc.a(lib_a-int_errno.o)
 .comment       0x00000000       0x24 c:/altera/11.1/nios2eds/bin/gnu/h-i686-mingw32/bin/../lib/gcc/nios2-elf/4.1.2/../../../../nios2-elf/lib/mno-hw-mul\libsmallc.a(lib_a-strlen.o)

.debug
 *(.debug)

.line
 *(.line)

.debug_srcinfo
 *(.debug_srcinfo)

.debug_sfnames
 *(.debug_sfnames)

.debug_aranges  0x00000000      0x188
 *(.debug_aranges)
 .debug_aranges
                0x00000000       0x28 ../hello_bsp//obj/HAL/src/crt0.o
 .debug_aranges
                0x00000028       0x20 obj/default/hello_world_small.o
 .debug_aranges
                0x00000048       0x20 ../hello_bsp/\libhal_bsp.a(alt_load.o)
 .debug_aranges
                0x00000068       0x20 ../hello_bsp/\libhal_bsp.a(alt_main.o)
 .debug_aranges
                0x00000088       0x20 ../hello_bsp/\libhal_bsp.a(alt_putchar.o)
 .debug_aranges
                0x000000a8       0x20 ../hello_bsp/\libhal_bsp.a(alt_putstr.o)
 .debug_aranges
                0x000000c8       0x20 ../hello_bsp/\libhal_bsp.a(alt_sys_init.o)
 .debug_aranges
                0x000000e8       0x20 ../hello_bsp/\libhal_bsp.a(altera_avalon_uart_write.o)
 .debug_aranges
                0x00000108       0x20 ../hello_bsp/\libhal_bsp.a(alt_dcache_flush_all.o)
 .debug_aranges
                0x00000128       0x20 ../hello_bsp/\libhal_bsp.a(alt_icache_flush_all.o)
 .debug_aranges
                0x00000148       0x20 ../hello_bsp/\libhal_bsp.a(altera_nios2_qsys_irq.o)
 .debug_aranges
                0x00000168       0x20 c:/altera/11.1/nios2eds/bin/gnu/h-i686-mingw32/bin/../lib/gcc/nios2-elf/4.1.2/../../../../nios2-elf/lib/mno-hw-mul\libsmallc.a(lib_a-strlen.o)

.debug_pubnames
                0x00000000      0x211
 *(.debug_pubnames)
 .debug_pubnames
                0x00000000       0x1b obj/default/hello_world_small.o
 .debug_pubnames
                0x0000001b       0x1f ../hello_bsp/\libhal_bsp.a(alt_load.o)
 .debug_pubnames
                0x0000003a       0x46 ../hello_bsp/\libhal_bsp.a(alt_main.o)
 .debug_pubnames
                0x00000080       0x22 ../hello_bsp/\libhal_bsp.a(alt_putchar.o)
 .debug_pubnames
                0x000000a2       0x21 ../hello_bsp/\libhal_bsp.a(alt_putstr.o)
 .debug_pubnames
                0x000000c3       0x3f ../hello_bsp/\libhal_bsp.a(alt_sys_init.o)
 .debug_pubnames
                0x00000102       0x2f ../hello_bsp/\libhal_bsp.a(altera_avalon_uart_write.o)
 .debug_pubnames
                0x00000131       0x2b ../hello_bsp/\libhal_bsp.a(alt_dcache_flush_all.o)
 .debug_pubnames
                0x0000015c       0x20 ../hello_bsp/\libhal_bsp.a(alt_errno.o)
 .debug_pubnames
                0x0000017c       0x2b ../hello_bsp/\libhal_bsp.a(alt_icache_flush_all.o)
 .debug_pubnames
                0x000001a7       0x31 ../hello_bsp/\libhal_bsp.a(altera_nios2_qsys_irq.o)
 .debug_pubnames
                0x000001d8       0x1c c:/altera/11.1/nios2eds/bin/gnu/h-i686-mingw32/bin/../lib/gcc/nios2-elf/4.1.2/../../../../nios2-elf/lib/mno-hw-mul\libsmallc.a(lib_a-int_errno.o)
 .debug_pubnames
                0x000001f4       0x1d c:/altera/11.1/nios2eds/bin/gnu/h-i686-mingw32/bin/../lib/gcc/nios2-elf/4.1.2/../../../../nios2-elf/lib/mno-hw-mul\libsmallc.a(lib_a-strlen.o)

.debug_info     0x00000000      0xb3c
 *(.debug_info .gnu.linkonce.wi.*)
 .debug_info    0x00000000       0x53 ../hello_bsp//obj/HAL/src/crt0.o
 .debug_info    0x00000053       0x5b obj/default/hello_world_small.o
 .debug_info    0x000000ae      0x12e ../hello_bsp/\libhal_bsp.a(alt_load.o)
 .debug_info    0x000001dc      0x125 ../hello_bsp/\libhal_bsp.a(alt_main.o)
 .debug_info    0x00000301       0xc5 ../hello_bsp/\libhal_bsp.a(alt_putchar.o)
 .debug_info    0x000003c6       0xc5 ../hello_bsp/\libhal_bsp.a(alt_putstr.o)
 .debug_info    0x0000048b      0x153 ../hello_bsp/\libhal_bsp.a(alt_sys_init.o)
 .debug_info    0x000005de      0x1be ../hello_bsp/\libhal_bsp.a(altera_avalon_uart_write.o)
 .debug_info    0x0000079c       0x8d ../hello_bsp/\libhal_bsp.a(alt_dcache_flush_all.o)
 .debug_info    0x00000829       0xab ../hello_bsp/\libhal_bsp.a(alt_errno.o)
 .debug_info    0x000008d4       0x8d ../hello_bsp/\libhal_bsp.a(alt_icache_flush_all.o)
 .debug_info    0x00000961       0x8d ../hello_bsp/\libhal_bsp.a(altera_nios2_qsys_irq.o)
 .debug_info    0x000009ee       0x8c c:/altera/11.1/nios2eds/bin/gnu/h-i686-mingw32/bin/../lib/gcc/nios2-elf/4.1.2/../../../../nios2-elf/lib/mno-hw-mul\libsmallc.a(lib_a-int_errno.o)
 .debug_info    0x00000a7a       0xc2 c:/altera/11.1/nios2eds/bin/gnu/h-i686-mingw32/bin/../lib/gcc/nios2-elf/4.1.2/../../../../nios2-elf/lib/mno-hw-mul\libsmallc.a(lib_a-strlen.o)

.debug_abbrev   0x00000000      0x632
 *(.debug_abbrev)
 .debug_abbrev  0x00000000       0x12 ../hello_bsp//obj/HAL/src/crt0.o
 .debug_abbrev  0x00000012       0x4e obj/default/hello_world_small.o
 .debug_abbrev  0x00000060       0x97 ../hello_bsp/\libhal_bsp.a(alt_load.o)
 .debug_abbrev  0x000000f7       0xa6 ../hello_bsp/\libhal_bsp.a(alt_main.o)
 .debug_abbrev  0x0000019d       0x7b ../hello_bsp/\libhal_bsp.a(alt_putchar.o)
 .debug_abbrev  0x00000218       0x7c ../hello_bsp/\libhal_bsp.a(alt_putstr.o)
 .debug_abbrev  0x00000294       0xdc ../hello_bsp/\libhal_bsp.a(alt_sys_init.o)
 .debug_abbrev  0x00000370       0xf2 ../hello_bsp/\libhal_bsp.a(altera_avalon_uart_write.o)
 .debug_abbrev  0x00000462       0x3f ../hello_bsp/\libhal_bsp.a(alt_dcache_flush_all.o)
 .debug_abbrev  0x000004a1       0x5e ../hello_bsp/\libhal_bsp.a(alt_errno.o)
 .debug_abbrev  0x000004ff       0x3f ../hello_bsp/\libhal_bsp.a(alt_icache_flush_all.o)
 .debug_abbrev  0x0000053e       0x3f ../hello_bsp/\libhal_bsp.a(altera_nios2_qsys_irq.o)
 .debug_abbrev  0x0000057d       0x3b c:/altera/11.1/nios2eds/bin/gnu/h-i686-mingw32/bin/../lib/gcc/nios2-elf/4.1.2/../../../../nios2-elf/lib/mno-hw-mul\libsmallc.a(lib_a-int_errno.o)
 .debug_abbrev  0x000005b8       0x7a c:/altera/11.1/nios2eds/bin/gnu/h-i686-mingw32/bin/../lib/gcc/nios2-elf/4.1.2/../../../../nios2-elf/lib/mno-hw-mul\libsmallc.a(lib_a-strlen.o)

.debug_line     0x00000000     0x1a49
 *(.debug_line)
 .debug_line    0x00000000       0x66 ../hello_bsp//obj/HAL/src/crt0.o
 .debug_line    0x00000066       0xf4 obj/default/hello_world_small.o
 .debug_line    0x0000015a      0x211 ../hello_bsp/\libhal_bsp.a(alt_load.o)
 .debug_line    0x0000036b      0x2bc ../hello_bsp/\libhal_bsp.a(alt_main.o)
 .debug_line    0x00000627      0x1ec ../hello_bsp/\libhal_bsp.a(alt_putchar.o)
 .debug_line    0x00000813      0x1d3 ../hello_bsp/\libhal_bsp.a(alt_putstr.o)
 .debug_line    0x000009e6      0x260 ../hello_bsp/\libhal_bsp.a(alt_sys_init.o)
 .debug_line    0x00000c46      0x316 ../hello_bsp/\libhal_bsp.a(altera_avalon_uart_write.o)
 .debug_line    0x00000f5c      0x1af ../hello_bsp/\libhal_bsp.a(alt_dcache_flush_all.o)
 .debug_line    0x0000110b      0x1a4 ../hello_bsp/\libhal_bsp.a(alt_errno.o)
 .debug_line    0x000012af      0x1af ../hello_bsp/\libhal_bsp.a(alt_icache_flush_all.o)
 .debug_line    0x0000145e      0x1c8 ../hello_bsp/\libhal_bsp.a(altera_nios2_qsys_irq.o)
 .debug_line    0x00001626      0x1dc c:/altera/11.1/nios2eds/bin/gnu/h-i686-mingw32/bin/../lib/gcc/nios2-elf/4.1.2/../../../../nios2-elf/lib/mno-hw-mul\libsmallc.a(lib_a-int_errno.o)
 .debug_line    0x00001802      0x247 c:/altera/11.1/nios2eds/bin/gnu/h-i686-mingw32/bin/../lib/gcc/nios2-elf/4.1.2/../../../../nios2-elf/lib/mno-hw-mul\libsmallc.a(lib_a-strlen.o)

.debug_frame    0x00000000      0x1c0
 *(.debug_frame)
 .debug_frame   0x00000000       0x28 obj/default/hello_world_small.o
 .debug_frame   0x00000028       0x38 ../hello_bsp/\libhal_bsp.a(alt_load.o)
 .debug_frame   0x00000060       0x28 ../hello_bsp/\libhal_bsp.a(alt_main.o)
 .debug_frame   0x00000088       0x2c ../hello_bsp/\libhal_bsp.a(alt_putchar.o)
 .debug_frame   0x000000b4       0x28 ../hello_bsp/\libhal_bsp.a(alt_putstr.o)
 .debug_frame   0x000000dc       0x38 ../hello_bsp/\libhal_bsp.a(alt_sys_init.o)
 .debug_frame   0x00000114       0x2c ../hello_bsp/\libhal_bsp.a(altera_avalon_uart_write.o)
 .debug_frame   0x00000140       0x20 ../hello_bsp/\libhal_bsp.a(alt_dcache_flush_all.o)
 .debug_frame   0x00000160       0x20 ../hello_bsp/\libhal_bsp.a(alt_icache_flush_all.o)
 .debug_frame   0x00000180       0x20 ../hello_bsp/\libhal_bsp.a(altera_nios2_qsys_irq.o)
 .debug_frame   0x000001a0       0x20 c:/altera/11.1/nios2eds/bin/gnu/h-i686-mingw32/bin/../lib/gcc/nios2-elf/4.1.2/../../../../nios2-elf/lib/mno-hw-mul\libsmallc.a(lib_a-strlen.o)

.debug_str      0x00000000      0x5c6
 *(.debug_str)
 .debug_str     0x00000000       0x3e obj/default/hello_world_small.o
                                 0x48 (size before relaxing)
 .debug_str     0x0000003e      0x163 ../hello_bsp/\libhal_bsp.a(alt_load.o)
                                0x1a8 (size before relaxing)
 .debug_str     0x000001a1       0x75 ../hello_bsp/\libhal_bsp.a(alt_main.o)
                                0x12c (size before relaxing)
 .debug_str     0x00000216       0x44 ../hello_bsp/\libhal_bsp.a(alt_putchar.o)
                                 0xfb (size before relaxing)
 .debug_str     0x0000025a       0x20 ../hello_bsp/\libhal_bsp.a(alt_putstr.o)
                                 0xf9 (size before relaxing)
 .debug_str     0x0000027a       0x65 ../hello_bsp/\libhal_bsp.a(alt_sys_init.o)
                                0x16f (size before relaxing)
 .debug_str     0x000002df       0x71 ../hello_bsp/\libhal_bsp.a(altera_avalon_uart_write.o)
                                0x198 (size before relaxing)
 .debug_str     0x00000350       0x34 ../hello_bsp/\libhal_bsp.a(alt_dcache_flush_all.o)
                                 0xeb (size before relaxing)
 .debug_str     0x00000384       0x14 ../hello_bsp/\libhal_bsp.a(alt_errno.o)
                                 0xdb (size before relaxing)
 .debug_str     0x00000398       0x34 ../hello_bsp/\libhal_bsp.a(alt_icache_flush_all.o)
                                 0xeb (size before relaxing)
 .debug_str     0x000003cc       0x3b ../hello_bsp/\libhal_bsp.a(altera_nios2_qsys_irq.o)
                                 0xf2 (size before relaxing)
 .debug_str     0x00000407       0xd9 c:/altera/11.1/nios2eds/bin/gnu/h-i686-mingw32/bin/../lib/gcc/nios2-elf/4.1.2/../../../../nios2-elf/lib/mno-hw-mul\libsmallc.a(lib_a-int_errno.o)
                                0x174 (size before relaxing)
 .debug_str     0x000004e0       0xe6 c:/altera/11.1/nios2eds/bin/gnu/h-i686-mingw32/bin/../lib/gcc/nios2-elf/4.1.2/../../../../nios2-elf/lib/mno-hw-mul\libsmallc.a(lib_a-strlen.o)
                                0x181 (size before relaxing)

.debug_loc      0x00000000      0x1dc
 *(.debug_loc)
 .debug_loc     0x00000000       0x1f obj/default/hello_world_small.o
 .debug_loc     0x0000001f       0x1f ../hello_bsp/\libhal_bsp.a(alt_load.o)
 .debug_loc     0x0000003e       0x1f ../hello_bsp/\libhal_bsp.a(alt_main.o)
 .debug_loc     0x0000005d       0x3d ../hello_bsp/\libhal_bsp.a(alt_putchar.o)
 .debug_loc     0x0000009a       0x48 ../hello_bsp/\libhal_bsp.a(alt_putstr.o)
 .debug_loc     0x000000e2       0x32 ../hello_bsp/\libhal_bsp.a(alt_sys_init.o)
 .debug_loc     0x00000114       0xaa ../hello_bsp/\libhal_bsp.a(altera_avalon_uart_write.o)
 .debug_loc     0x000001be       0x1e c:/altera/11.1/nios2eds/bin/gnu/h-i686-mingw32/bin/../lib/gcc/nios2-elf/4.1.2/../../../../nios2-elf/lib/mno-hw-mul\libsmallc.a(lib_a-strlen.o)

.debug_macinfo
 *(.debug_macinfo)

.debug_weaknames
 *(.debug_weaknames)

.debug_funcnames
 *(.debug_funcnames)

.debug_typenames
 *(.debug_typenames)

.debug_varnames
 *(.debug_varnames)

.debug_alt_sim_info
                0x00000000       0x10
 *(.debug_alt_sim_info)
 .debug_alt_sim_info
                0x00000000       0x10 ../hello_bsp//obj/HAL/src/crt0.o
                0x00006004                __alt_data_end = 0x6004
                0x00006004                PROVIDE (__alt_stack_pointer, __alt_data_end)
                0x0000430c                PROVIDE (__alt_stack_limit, __alt_stack_base)
                0x0000430c                PROVIDE (__alt_heap_start, end)
                0x00006004                PROVIDE (__alt_heap_limit, 0x6004)
OUTPUT(hello.elf elf32-littlenios2)

.debug_ranges   0x00000000       0x20
 .debug_ranges  0x00000000       0x20 ../hello_bsp//obj/HAL/src/crt0.o
